{
  "version": "1.5.0",
  "plugins_used": [
    {
      "name": "ArtifactoryDetector"
    },
    {
      "name": "AWSKeyDetector"
    },
    {
      "name": "AzureStorageKeyDetector"
    },
    {
      "name": "Base64HighEntropyString",
      "limit": 4.5
    },
    {
      "name": "BasicAuthDetector"
    },
    {
      "name": "CloudantDetector"
    },
    {
      "name": "DiscordBotTokenDetector"
    },
    {
      "name": "GitHubTokenDetector"
    },
    {
      "name": "GitLabTokenDetector"
    },
    {
      "name": "HexHighEntropyString",
      "limit": 3.0
    },
    {
      "name": "IbmCloudIamDetector"
    },
    {
      "name": "IbmCosHmacDetector"
    },
    {
      "name": "IPPublicDetector"
    },
    {
      "name": "JwtTokenDetector"
    },
    {
      "name": "KeywordDetector",
      "keyword_exclude": ""
    },
    {
      "name": "MailchimpDetector"
    },
    {
      "name": "NpmDetector"
    },
    {
      "name": "OpenAIDetector"
    },
    {
      "name": "PrivateKeyDetector"
    },
    {
      "name": "PypiTokenDetector"
    },
    {
      "name": "SendGridDetector"
    },
    {
      "name": "SlackDetector"
    },
    {
      "name": "SoftlayerDetector"
    },
    {
      "name": "SquareOAuthDetector"
    },
    {
      "name": "StripeDetector"
    },
    {
      "name": "TelegramBotTokenDetector"
    },
    {
      "name": "TwilioKeyDetector"
    }
  ],
  "filters_used": [
    {
      "path": "detect_secrets.filters.allowlist.is_line_allowlisted"
    },
    {
      "path": "detect_secrets.filters.common.is_baseline_file",
      "filename": ".secrets.baseline"
    },
    {
      "path": "detect_secrets.filters.common.is_ignored_due_to_verification_policies",
      "min_level": 2
    },
    {
      "path": "detect_secrets.filters.heuristic.is_indirect_reference"
    },
    {
      "path": "detect_secrets.filters.heuristic.is_likely_id_string"
    },
    {
      "path": "detect_secrets.filters.heuristic.is_lock_file"
    },
    {
      "path": "detect_secrets.filters.heuristic.is_not_alphanumeric_string"
    },
    {
      "path": "detect_secrets.filters.heuristic.is_potential_uuid"
    },
    {
      "path": "detect_secrets.filters.heuristic.is_prefixed_with_dollar_sign"
    },
    {
      "path": "detect_secrets.filters.heuristic.is_sequential_string"
    },
    {
      "path": "detect_secrets.filters.heuristic.is_swagger_file"
    },
    {
      "path": "detect_secrets.filters.heuristic.is_templated_secret"
    },
    {
      "path": "detect_secrets.filters.regex.should_exclude_file",
      "pattern": [
        "\\.env$",
        "\\.secrets\\.baseline$"
      ]
    }
  ],
  "results": {
    ".env.example": [
      {
        "type": "Basic Auth Credentials",
        "filename": ".env.example",
        "hashed_secret": "ffddd4c9867f24ed207b1da5b50693e6d85a7889",
        "is_verified": false,
        "line_number": 5
      }
    ],
    "CLAUDE.md": [
      {
        "type": "Basic Auth Credentials",
        "filename": "CLAUDE.md",
        "hashed_secret": "ffddd4c9867f24ed207b1da5b50693e6d85a7889",
        "is_verified": false,
        "line_number": 174
      }
    ],
    "README.md": [
      {
        "type": "Secret Keyword",
        "filename": "README.md",
        "hashed_secret": "09b30f6138f119acf5e4d3d7ad571e8c0b9f2059",
        "is_verified": false,
        "line_number": 265
      }
    ],
    "frontend/public/sw.js": [
      {
        "type": "Hex High Entropy String",
        "filename": "frontend/public/sw.js",
        "hashed_secret": "01863aaf7984556e155ce0d18030a3f2fa68fc2e",
        "is_verified": false,
        "line_number": 1
      },
      {
        "type": "Hex High Entropy String",
        "filename": "frontend/public/sw.js",
        "hashed_secret": "07dbb5f787048d65c779ce89f16f5441a5df69bd",
        "is_verified": false,
        "line_number": 1
      },
      {
        "type": "Hex High Entropy String",
        "filename": "frontend/public/sw.js",
        "hashed_secret": "0e03bb7a4964a45aef412f227f34611426949fd9",
        "is_verified": false,
        "line_number": 1
      },
      {
        "type": "Hex High Entropy String",
        "filename": "frontend/public/sw.js",
        "hashed_secret": "1846b4c5382d168eb3a8ad754884feb14ea823ce",
        "is_verified": false,
        "line_number": 1
      },
      {
        "type": "Hex High Entropy String",
        "filename": "frontend/public/sw.js",
        "hashed_secret": "44bb4d3cacfdff4df7f84d30fe6e87c825daea5f",
        "is_verified": false,
        "line_number": 1
      },
      {
        "type": "Hex High Entropy String",
        "filename": "frontend/public/sw.js",
        "hashed_secret": "53be8869dfdc619dd2f6cbdf6876692241cfe95b",
        "is_verified": false,
        "line_number": 1
      },
      {
        "type": "Hex High Entropy String",
        "filename": "frontend/public/sw.js",
        "hashed_secret": "6e42a16b35aa6313bb644de7061f5ee5214c1654",
        "is_verified": false,
        "line_number": 1
      },
      {
        "type": "Hex High Entropy String",
        "filename": "frontend/public/sw.js",
        "hashed_secret": "76fe8ea3bb4812ed58116a533f8461ab811f41f5",
        "is_verified": false,
        "line_number": 1
      },
      {
        "type": "Hex High Entropy String",
        "filename": "frontend/public/sw.js",
        "hashed_secret": "a0cfb98f28adce74cfbea21f647d1be195a4ad23",
        "is_verified": false,
        "line_number": 1
      },
      {
        "type": "Hex High Entropy String",
        "filename": "frontend/public/sw.js",
        "hashed_secret": "a231eeed041f0320ce7edd995bdd54182ba6ab8f",
        "is_verified": false,
        "line_number": 1
      }
    ],
    "scripts/setup_minio.py": [
      {
        "type": "Secret Keyword",
        "filename": "scripts/setup_minio.py",
        "hashed_secret": "bc565f6e909ec7d3c18e2ff5d9eeb2300ff20b7f",
        "is_verified": false,
        "line_number": 10
      }
    ],
    "transform/package-lock.yml": [
      {
        "type": "Hex High Entropy String",
        "filename": "transform/package-lock.yml",
        "hashed_secret": "ca3d60af968149d3b440b2e576088ebfe7a4a5e4",
        "is_verified": false,
        "line_number": 5
      }
    ]
  },
  "generated_at": "2026-07-28T20:44:49Z"
}
